##make k8s api reachable from the outside
  access using kubectl(copy kube config)

  root@k8smaster:~# kubectl get svc
NAME         TYPE        CLUSTER-IP   EXTERNAL-IP   PORT(S)   AGE
kubernetes   ClusterIP   10.96.0.1    <none>        443/TCP   5d
    ##make the kubernetes default avaiable using nodeport
root@k8smaster:~# kubectl edit svc kubernetes
service/kubernetes edited
root@k8smaster:~# kubectl get svc
NAME         TYPE       CLUSTER-IP   EXTERNAL-IP   PORT(S)         AGE
kubernetes   NodePort   10.96.0.1    <none>        443:30262/TCP   5d
###change the ip address to node machine ip address
PS C:\Users\gopal> curl https://13.86.107.151:30262
curl : The underlying connection was closed: Could not establish trust relationship for the SSL/TLS secure channel.
At line:1 char:1
+ curl https://13.86.107.151:30262
+ ~~~~~~~~~~~~~~~~~~~~~~~~~~~~~~~~
    + CategoryInfo          : InvalidOperation: (System.Net.HttpWebRequest:HttpWebRequest) [Invoke-WebRequest], WebExc
   eption
    + FullyQualifiedErrorId : WebCmdletWebResponseException,Microsoft.PowerShell.Commands.InvokeWebRequestCommand
#####some how it is communicating but it is communicatin withought ssl
##kubectl config view will show the cluster certificate
  173  kubectl config view --raw
###copy the certificate from the below mentioned url
 175  kubectl config view --raw
#####################
open a notepad and paste the configuration in the node machine 
notepad confg
##############################################
after pasting the config 
####change the ip address of the master machine server to public ip
 server: https://13.86.107.151:30262
  name: kubernetes
contexts:
############################
##then validate teh certificate 
kubectl --kubeconfig conf get ns
##you will get an error like this certificate is valid for this ip address but we change the ip to an public ip
E0814 10:38:42.474622   12156 memcache.go:238] couldn't get current server API group list: Get "https://13.86.107.151:30262/api?timeout=32s": x509: certificate is valid for 10.96.0.1, 10.0.0.4, not 13.86.107.151
##we will add this public ip into an file 
root@k8smaster:~# cd /etc/kubernetes/pki/
root@k8smaster:/etc/kubernetes/pki# ll
###you will see a file apiserver.crt
##lets inspect the certificate
openssl x509 -in apiserver.crt -text
###check in the output
  X509v3 Subject Alternative Name:
                DNS:k8smaster, DNS:kubernetes, DNS:kubernetes.default, DNS:kubernetes.default.svc, DNS:kubernetes.default.svc.cluster.local, IP Address:10.96.0.1, IP Address:10.0.0.4
    Signature Algorithm: sha256WithRSAEncryption
####you will see the DNS name modify the hostname 
###agains open the config file and add the dns name which is pointing to my external ip address
    server: https://kubernetes:30262
  name: kubernetes
###now re run the command it will show you rthe namespaces
 15 kubectl --kubeconfig conf get ns
